[    0.000000] Initializing cgroup subsys cpuset
[    0.000000] Initializing cgroup subsys cpu
[    0.000000] Initializing cgroup subsys cpuacct
[    0.000000] Linux version 4.4.0-161-generic (buildd@lcy01-amd64-018) (gcc version 5.4.0 20160609 (Ubuntu 5.4.0-6ubuntu1~16.04.10) ) #189-Ubuntu SMP Tue Aug 27 08:10:16 UTC 2019 (Ubuntu 4.4.0-161.189-generic 4.4.186)
[    0.000000] Command line: BOOT_IMAGE=/boot/vmlinuz-4.4.0-161-generic root=UUID=7be769cf-66ed-4576-a506-b6252a552df1 ro console=tty1 console=ttyS0
[    0.000000] KERNEL supported cpus:
[    0.000000]   Intel GenuineIntel
[    0.000000]   AMD AuthenticAMD
[    0.000000]   Centaur CentaurHauls
[    0.000000] x86/fpu: xstate_offset[2]:  576, xstate_sizes[2]:  256
[    0.000000] x86/fpu: Supporting XSAVE feature 0x01: 'x87 floating point registers'
[    0.000000] x86/fpu: Supporting XSAVE feature 0x02: 'SSE registers'
[    0.000000] x86/fpu: Supporting XSAVE feature 0x04: 'AVX registers'
[    0.000000] x86/fpu: Enabled xstate features 0x7, context size is 832 bytes, using 'standard' format.
[    0.000000] e820: BIOS-provided physical RAM map:
[    0.000000] BIOS-e820: [mem 0x0000000000000000-0x000000000009fbff] usable
[    0.000000] BIOS-e820: [mem 0x000000000009fc00-0x000000000009ffff] reserved
[    0.000000] BIOS-e820: [mem 0x00000000000f0000-0x00000000000fffff] reserved
[    0.000000] BIOS-e820: [mem 0x0000000000100000-0x000000003ffeffff] usable
[    0.000000] BIOS-e820: [mem 0x000000003fff0000-0x000000003fffffff] ACPI data
[    0.000000] BIOS-e820: [mem 0x00000000fec00000-0x00000000fec00fff] reserved
[    0.000000] BIOS-e820: [mem 0x00000000fee00000-0x00000000fee00fff] reserved
[    0.000000] BIOS-e820: [mem 0x00000000fffc0000-0x00000000ffffffff] reserved
[    0.000000] NX (Execute Disable) protection: active
[    0.000000] SMBIOS 2.5 present.
[    0.000000] Hypervisor detected: KVM
[    0.000000] e820: last_pfn = 0x3fff0 max_arch_pfn = 0x400000000
[    0.000000] MTRR: Disabled
[    0.000000] x86/PAT: MTRRs disabled, skipping PAT initialization too.
[    0.000000] CPU MTRRs all blank - virtualized system.
[    0.000000] x86/PAT: Configuration [0-7]: WB  WT  UC- UC  WB  WT  UC- UC  
[    0.000000] found SMP MP-table at [mem 0x0009fff0-0x0009ffff] mapped at [ffff88000009fff0]
[    0.000000] Scanning 1 areas for low memory corruption
[    0.000000] RAMDISK: [mem 0x361e2000-0x370e8fff]
[    0.000000] ACPI: Early table checksum verification disabled
[    0.000000] ACPI: RSDP 0x00000000000E0000 000024 (v02 VBOX  )
[    0.000000] ACPI: XSDT 0x000000003FFF0030 00003C (v01 VBOX   VBOXXSDT 00000001 ASL  00000061)
[    0.000000] ACPI: FACP 0x000000003FFF00F0 0000F4 (v04 VBOX   VBOXFACP 00000001 ASL  00000061)
[    0.000000] ACPI: DSDT 0x000000003FFF0470 0022EA (v02 VBOX   VBOXBIOS 00000002 INTL 20100528)
[    0.000000] ACPI: FACS 0x000000003FFF0200 000040
[    0.000000] ACPI: FACS 0x000000003FFF0200 000040
[    0.000000] ACPI: APIC 0x000000003FFF0240 00005C (v02 VBOX   VBOXAPIC 00000001 ASL  00000061)
[    0.000000] ACPI: SSDT 0x000000003FFF02A0 0001CC (v01 VBOX   VBOXCPUT 00000002 INTL 20100528)
[    0.000000] No NUMA configuration found
[    0.000000] Faking a node at [mem 0x0000000000000000-0x000000003ffeffff]
[    0.000000] NODE_DATA(0) allocated [mem 0x3ffeb000-0x3ffeffff]
[    0.000000] kvm-clock: Using msrs 4b564d01 and 4b564d00
[    0.000000] kvm-clock: cpu 0, msr 0:3ffe3001, primary cpu clock
[    0.000000] kvm-clock: using sched offset of 3910953987 cycles
[    0.000000] clocksource: kvm-clock: mask: 0xffffffffffffffff max_cycles: 0x1cd42e4dffb, max_idle_ns: 881590591483 ns
[    0.000000] Zone ranges:
[    0.000000]   DMA      [mem 0x0000000000001000-0x0000000000ffffff]
[    0.000000]   DMA32    [mem 0x0000000001000000-0x000000003ffeffff]
[    0.000000]   Normal   empty
[    0.000000]   Device   empty
[    0.000000] Movable zone start for each node
[    0.000000] Early memory node ranges
[    0.000000]   node   0: [mem 0x0000000000001000-0x000000000009efff]
[    0.000000]   node   0: [mem 0x0000000000100000-0x000000003ffeffff]
[    0.000000] Initmem setup node 0 [mem 0x0000000000001000-0x000000003ffeffff]
[    0.000000] ACPI: PM-Timer IO Port: 0x4008
[    0.000000] IOAPIC[0]: apic_id 2, version 32, address 0xfec00000, GSI 0-23
[    0.000000] ACPI: INT_SRC_OVR (bus 0 bus_irq 0 global_irq 2 dfl dfl)
[    0.000000] ACPI: INT_SRC_OVR (bus 0 bus_irq 9 global_irq 9 low level)
[    0.000000] Using ACPI (MADT) for SMP configuration information
[    0.000000] smpboot: Allowing 2 CPUs, 0 hotplug CPUs
[    0.000000] PM: Registered nosave memory: [mem 0x00000000-0x00000fff]
[    0.000000] PM: Registered nosave memory: [mem 0x0009f000-0x0009ffff]
[    0.000000] PM: Registered nosave memory: [mem 0x000a0000-0x000effff]
[    0.000000] PM: Registered nosave memory: [mem 0x000f0000-0x000fffff]
[    0.000000] e820: [mem 0x40000000-0xfebfffff] available for PCI devices
[    0.000000] Booting paravirtualized kernel on KVM
[    0.000000] clocksource: refined-jiffies: mask: 0xffffffff max_cycles: 0xffffffff, max_idle_ns: 7645519600211568 ns
[    0.000000] setup_percpu: NR_CPUS:512 nr_cpumask_bits:512 nr_cpu_ids:2 nr_node_ids:1
[    0.000000] PERCPU: Embedded 34 pages/cpu @ffff88003fc00000 s99544 r8192 d31528 u1048576
[    0.000000] Built 1 zonelists in Node order, mobility grouping on.  Total pages: 257912
[    0.000000] Policy zone: DMA32
[    0.000000] Kernel command line: BOOT_IMAGE=/boot/vmlinuz-4.4.0-161-generic root=UUID=7be769cf-66ed-4576-a506-b6252a552df1 ro console=tty1 console=ttyS0
[    0.000000] PID hash table entries: 4096 (order: 3, 32768 bytes)
[    0.000000] Memory: 997168K/1048120K available (8622K kernel code, 1335K rwdata, 4032K rodata, 1488K init, 1284K bss, 50952K reserved, 0K cma-reserved)
[    0.000000] SLUB: HWalign=64, Order=0-3, MinObjects=0, CPUs=2, Nodes=1
[    0.000000] Kernel/User page tables isolation: enabled
[    0.000000] Hierarchical RCU implementation.
[    0.000000] 	Build-time adjustment of leaf fanout to 64.
[    0.000000] 	RCU restricting CPUs from NR_CPUS=512 to nr_cpu_ids=2.
[    0.000000] RCU: Adjusting geometry for rcu_fanout_leaf=64, nr_cpu_ids=2
[    0.000000] NR_IRQS:33024 nr_irqs:440 16
[    0.000000] Console: colour VGA+ 80x25
[    0.000000] console [tty1] enabled
[    0.000000] console [ttyS0] enabled
[    0.000000] tsc: Detected 2793.528 MHz processor
[    0.178499] Calibrating delay loop (skipped) preset value.. 5587.05 BogoMIPS (lpj=11174112)
[    0.181870] pid_max: default: 32768 minimum: 301
[    0.183534] ACPI: Core revision 20150930
[    0.186591] ACPI: 2 ACPI AML tables successfully acquired and loaded
[    0.188951] Security Framework initialized
[    0.190344] Yama: becoming mindful.
[    0.192192] AppArmor: AppArmor initialized
[    0.193356] Dentry cache hash table entries: 131072 (order: 8, 1048576 bytes)
[    0.198751] Inode-cache hash table entries: 65536 (order: 7, 524288 bytes)
[    0.201136] Mount-cache hash table entries: 2048 (order: 2, 16384 bytes)
[    0.203826] Mountpoint-cache hash table entries: 2048 (order: 2, 16384 bytes)
[    0.205587] Initializing cgroup subsys io
[    0.206725] Initializing cgroup subsys memory
[    0.207849] Initializing cgroup subsys devices
[    0.209073] Initializing cgroup subsys freezer
[    0.210305] Initializing cgroup subsys net_cls
[    0.211994] Initializing cgroup subsys perf_event
[    0.214312] Initializing cgroup subsys net_prio
[    0.215729] Initializing cgroup subsys hugetlb
[    0.216937] Initializing cgroup subsys pids
[    0.218889] mce: CPU supports 0 MCE banks
[    0.220712] Last level iTLB entries: 4KB 1024, 2MB 1024, 4MB 1024
[    0.222489] Last level dTLB entries: 4KB 1024, 2MB 1024, 4MB 1024, 1GB 4
[    0.224039] Spectre V1 : Mitigation: usercopy/swapgs barriers and __user pointer sanitization
[    0.226196] Spectre V2 : Mitigation: Full generic retpoline
[    0.227599] Spectre V2 : Spectre v2 / SpectreRSB mitigation: Filling RSB on context switch
[    0.230224] Speculative Store Bypass: Vulnerable
[    0.232391] MDS: Mitigation: Clear CPU buffers
[    0.236754] Freeing SMP alternatives memory: 36K
[    0.243339] ftrace: allocating 32318 entries in 127 pages
[    0.304103] smpboot: APIC(0) Converting physical 0 to logical package 0
[    0.305732] smpboot: Max logical packages: 1
[    0.307025] x2apic enabled
[    0.308066] Switched APIC routing to physical x2apic.
[    0.310290] ..TIMER: vector=0x30 apic1=0 pin1=2 apic2=-1 pin2=-1
[    0.418365] smpboot: CPU0: Intel(R) Core(TM) i7-4980HQ CPU @ 2.80GHz (family: 0x6, model: 0x46, stepping: 0x1)
[    0.420860] Performance Events: unsupported p6 CPU model 70 no PMU driver, software events only.
[    0.433742] KVM setup paravirtual spinlock
[    0.435544] x86: Booting SMP configuration:
[    0.436654] .... node  #0, CPUs:      #1
[    0.437818] kvm-clock: cpu 1, msr 0:3ffe3041, secondary cpu clock
[    0.440652] mce: CPU supports 0 MCE banks
[    0.444051] x86: Booted up 1 node, 2 CPUs
[    0.445875] smpboot: Total of 2 processors activated (11174.11 BogoMIPS)
[    0.448621] devtmpfs: initialized
[    0.450746] evm: security.selinux
[    0.451649] evm: security.SMACK64
[    0.452586] evm: security.SMACK64EXEC
[    0.453573] evm: security.SMACK64TRANSMUTE
[    0.454621] evm: security.SMACK64MMAP
[    0.455536] evm: security.ima
[    0.456338] evm: security.capability
[    0.457449] clocksource: jiffies: mask: 0xffffffff max_cycles: 0xffffffff, max_idle_ns: 7645041785100000 ns
[    0.459838] futex hash table entries: 512 (order: 3, 32768 bytes)
[    0.461884] pinctrl core: initialized pinctrl subsystem
[    0.464826] RTC time:  9:36:40, date: 09/11/19
[    0.466758] NET: Registered protocol family 16
[    0.478092] cpuidle: using governor ladder
[    0.489592] cpuidle: using governor menu
[    0.490592] PCCT header not found.
[    0.491560] ACPI: bus type PCI registered
[    0.492595] acpiphp: ACPI Hot Plug PCI Controller Driver version: 0.5
[    0.494277] PCI: Using configuration type 1 for base access
[    0.506737] ACPI: Added _OSI(Module Device)
[    0.507816] ACPI: Added _OSI(Processor Device)
[    0.508864] ACPI: Added _OSI(3.0 _SCP Extensions)
[    0.510016] ACPI: Added _OSI(Processor Aggregator Device)
[    0.514142] ACPI: Executed 1 blocks of module-level executable AML code
[    0.518685] ACPI: Interpreter enabled
[    0.519697] ACPI: (supports S0 S5)
[    0.520593] ACPI: Using IOAPIC for interrupt routing
[    0.522230] PCI: Using host bridge windows from ACPI; if necessary, use "pci=nocrs" and report a bug
[    0.532455] ACPI: PCI Root Bridge [PCI0] (domain 0000 [bus 00-ff])
[    0.535068] acpi PNP0A03:00: _OSC: OS supports [ASPM ClockPM Segments MSI]
[    0.538279] acpi PNP0A03:00: _OSC: not requesting OS control; OS requires [ExtendedConfig ASPM ClockPM MSI]
[    0.543586] acpi PNP0A03:00: fail to add MMCONFIG information, can't access extended PCI configuration space under this bridge.
[    0.549362] PCI host bridge to bus 0000:00
[    0.551060] pci_bus 0000:00: root bus resource [io  0x0000-0x0cf7 window]
[    0.553888] pci_bus 0000:00: root bus resource [io  0x0d00-0xffff window]
[    0.556138] pci_bus 0000:00: root bus resource [mem 0x000a0000-0x000bffff window]
[    0.558635] pci_bus 0000:00: root bus resource [mem 0x40000000-0xfdffffff window]
[    0.561670] pci_bus 0000:00: root bus resource [bus 00-ff]
[    0.566833] pci 0000:00:01.1: legacy IDE quirk: reg 0x10: [io  0x01f0-0x01f7]
[    0.568546] pci 0000:00:01.1: legacy IDE quirk: reg 0x14: [io  0x03f6]
[    0.570266] pci 0000:00:01.1: legacy IDE quirk: reg 0x18: [io  0x0170-0x0177]
[    0.572305] pci 0000:00:01.1: legacy IDE quirk: reg 0x1c: [io  0x0376]
[    0.611176] pci 0000:00:07.0: quirk: [io  0x4000-0x403f] claimed by PIIX4 ACPI
[    0.615092] pci 0000:00:07.0: quirk: [io  0x4100-0x410f] claimed by PIIX4 SMB
[    0.626438] ACPI: PCI Interrupt Link [LNKA] (IRQs 5 9 10 *11)
[    0.630467] ACPI: PCI Interrupt Link [LNKB] (IRQs 5 9 *10 11)
[    0.634407] ACPI: PCI Interrupt Link [LNKC] (IRQs 5 *9 10 11)
[    0.637494] ACPI: PCI Interrupt Link [LNKD] (IRQs 5 9 10 *11)
[    0.640489] ACPI: Enabled 2 GPEs in block 00 to 07
[    0.643269] vgaarb: setting as boot device: PCI:0000:00:02.0
[    0.645137] vgaarb: device added: PCI:0000:00:02.0,decodes=io+mem,owns=io+mem,locks=none
[    0.648654] vgaarb: loaded
[    0.649766] vgaarb: bridge control possible 0000:00:02.0
[    0.651422] SCSI subsystem initialized
[    0.652519] ACPI: bus type USB registered
[    0.653528] usbcore: registered new interface driver usbfs
[    0.655171] usbcore: registered new interface driver hub
[    0.657346] usbcore: registered new device driver usb
[    0.659013] PCI: Using ACPI for IRQ routing
[    0.660508] NetLabel: Initializing
[    0.661907] NetLabel:  domain hash size = 128
[    0.663880] NetLabel:  protocols = UNLABELED CIPSOv4
[    0.667542] NetLabel:  unlabeled traffic allowed by default
[    0.669516] amd_nb: Cannot enumerate AMD northbridges
[    0.671275] clocksource: Switched to clocksource kvm-clock
[    0.682789] AppArmor: AppArmor Filesystem Enabled
[    0.684143] pnp: PnP ACPI init
[    0.686221] pnp: PnP ACPI: found 3 devices
[    0.697704] clocksource: acpi_pm: mask: 0xffffff max_cycles: 0xffffff, max_idle_ns: 2085701024 ns
[    0.703033] NET: Registered protocol family 2
[    0.704272] TCP established hash table entries: 8192 (order: 4, 65536 bytes)
[    0.706048] TCP bind hash table entries: 8192 (order: 5, 131072 bytes)
[    0.707801] TCP: Hash tables configured (established 8192 bind 8192)
[    0.709748] UDP hash table entries: 512 (order: 2, 16384 bytes)
[    0.711696] UDP-Lite hash table entries: 512 (order: 2, 16384 bytes)
[    0.714402] NET: Registered protocol family 1
[    0.715533] pci 0000:00:00.0: Limiting direct PCI/PCI transfers
[    0.716964] pci 0000:00:01.0: Activating ISA DMA hang workarounds
[    0.718842] Unpacking initramfs...
[    0.942730] Freeing initrd memory: 15388K
[    0.944571] clocksource: tsc: mask: 0xffffffffffffffff max_cycles: 0x28445ef6ee6, max_idle_ns: 440795343285 ns
[    0.948713] platform rtc_cmos: registered platform RTC device (no PNP device found)
[    0.952312] Scanning for low memory corruption every 60 seconds
[    0.954142] audit: initializing netlink subsys (disabled)
[    0.955603] audit: type=2000 audit(1568194605.866:1): initialized
[    0.958413] Initialise system trusted keyring
[    0.960601] HugeTLB registered 2 MB page size, pre-allocated 0 pages
[    0.965253] zbud: loaded
[    0.966648] VFS: Disk quotas dquot_6.6.0
[    0.967837] VFS: Dquot-cache hash table entries: 512 (order 0, 4096 bytes)
[    0.969700] squashfs: version 4.0 (2009/01/31) Phillip Lougher
[    0.972293] fuse init (API version 7.23)
[    0.973932] Key type big_key registered
[    0.975336] Allocating IMA MOK and blacklist keyrings.
[    0.978637] Key type asymmetric registered
[    0.980517] Asymmetric key parser 'x509' registered
[    0.982649] Block layer SCSI generic (bsg) driver version 0.4 loaded (major 249)
[    0.985079] io scheduler noop registered
[    0.986483] io scheduler deadline registered (default)
[    0.988854] io scheduler cfq registered
[    0.990371] pci_hotplug: PCI Hot Plug PCI Core version: 0.5
[    0.992421] pciehp: PCI Express Hot Plug Controller Driver version: 0.4
[    0.995822] ACPI: AC Adapter [AC] (on-line)
[    0.997779] input: Power Button as /devices/LNXSYSTM:00/LNXPWRBN:00/input/input0
[    0.999965] ACPI: Power Button [PWRF]
[    1.001165] input: Sleep Button as /devices/LNXSYSTM:00/LNXSLPBN:00/input/input1
[    1.003350] ACPI: Sleep Button [SLPF]
[    1.005835] ACPI: Battery Slot [BAT0] (battery present)
[    1.007919] GHES: HEST is not enabled!
[    1.009527] Serial: 8250/16550 driver, 32 ports, IRQ sharing enabled
[    1.032438] 00:02: ttyS0 at I/O 0x3f8 (irq = 4, base_baud = 115200) is a 16550A
[    1.040164] Linux agpgart interface v0.103
[    1.045545] loop: module loaded
[    1.048131] scsi host0: ata_piix
[    1.049650] scsi host1: ata_piix
[    1.051555] ata1: PATA max UDMA/33 cmd 0x1f0 ctl 0x3f6 bmdma 0xd000 irq 14
[    1.053832] ata2: PATA max UDMA/33 cmd 0x170 ctl 0x376 bmdma 0xd008 irq 15
[    1.056355] libphy: Fixed MDIO Bus: probed
[    1.058196] tun: Universal TUN/TAP device driver, 1.6
[    1.060100] tun: (C) 1999-2004 Max Krasnyansky <maxk@qualcomm.com>
[    1.062307] PPP generic driver version 2.4.2
[    1.064652] ehci_hcd: USB 2.0 'Enhanced' Host Controller (EHCI) Driver
[    1.067079] ehci-pci: EHCI PCI platform driver
[    1.068800] ehci-platform: EHCI generic platform driver
[    1.070122] ohci_hcd: USB 1.1 'Open' Host Controller (OHCI) Driver
[    1.072398] ohci-pci: OHCI PCI platform driver
[    1.074124] ohci-platform: OHCI generic platform driver
[    1.075755] uhci_hcd: USB Universal Host Controller Interface driver
[    1.078396] i8042: PNP: PS/2 Controller [PNP0303:PS2K,PNP0f03:PS2M] at 0x60,0x64 irq 1,12
[    1.083128] serio: i8042 KBD port at 0x60,0x64 irq 1
[    1.084496] serio: i8042 AUX port at 0x60,0x64 irq 12
[    1.086079] mousedev: PS/2 mouse device common for all mice
[    1.087992] input: AT Translated Set 2 keyboard as /devices/platform/i8042/serio0/input/input2
[    1.090769] rtc_cmos rtc_cmos: rtc core: registered rtc_cmos as rtc0
[    1.093058] rtc_cmos rtc_cmos: alarms up to one day, 114 bytes nvram
[    1.095526] i2c /dev entries driver
[    1.097566] device-mapper: uevent: version 1.0.3
[    1.099558] device-mapper: ioctl: 4.34.0-ioctl (2015-10-28) initialised: dm-devel@redhat.com
[    1.102583] ledtrig-cpu: registered to indicate activity on CPUs
[    1.105253] NET: Registered protocol family 10
[    1.107591] NET: Registered protocol family 17
[    1.109730] Key type dns_resolver registered
[    1.112456] registered taskstats version 1
[    1.114691] Loading compiled-in X.509 certificates
[    1.117605] Loaded X.509 cert 'Build time autogenerated kernel key: bdcb03bd89688fd1ecb3c1b37e77d69239145881'
[    1.120275] zswap: loaded using pool lzo/zbud
[    1.123205] Key type trusted registered
[    1.128242] Key type encrypted registered
[    1.129567] AppArmor: AppArmor sha1 policy hashing enabled
[    1.132272] ima: No TPM chip found, activating TPM-bypass!
[    1.133809] ima: Allocated hash algorithm: sha1
[    1.134964] evm: HMAC attrs: 0x1
[    1.136299]   Magic number: 3:379:626
[    1.137330] rtc_cmos rtc_cmos: setting system clock to 2019-09-11 09:36:41 UTC (1568194601)
[    1.142041] BIOS EDD facility v0.16 2004-Jun-25, 0 devices found
[    1.144601] EDD information not available.
[    1.213065] Freeing unused kernel memory: 1488K
[    1.215188] Write protecting the kernel read-only data: 14336k
[    1.218248] Freeing unused kernel memory: 1608K
[    1.220523] Freeing unused kernel memory: 64K
Loading, please wait...
starting version 229
[    1.236804] random: udevadm: uninitialized urandom read (16 bytes read, 2 bits of entropy available)
[    1.237018] random: systemd-udevd: uninitialized urandom read (16 bytes read, 2 bits of entropy available)
[    1.237116] random: systemd-udevd: uninitialized urandom read (16 bytes read, 2 bits of entropy available)
[    1.237133] random: systemd-udevd: uninitialized urandom read (16 bytes read, 2 bits of entropy available)
[    1.237150] random: systemd-udevd: uninitialized urandom read (16 bytes read, 2 bits of entropy available)
[    1.250796] random: udevadm: uninitialized urandom read (16 bytes read, 2 bits of entropy available)
[    1.258603] random: systemd-udevd: uninitialized urandom read (16 bytes read, 2 bits of entropy available)
[    1.262362] random: systemd-udevd: uninitialized urandom read (16 bytes read, 2 bits of entropy available)
[    1.265557] random: udevadm: uninitialized urandom read (16 bytes read, 2 bits of entropy available)
[    1.265616] random: udevadm: uninitialized urandom read (16 bytes read, 2 bits of entropy available)
[    1.306840] e1000: Intel(R) PRO/1000 Network Driver - version 7.3.21-k8-NAPI
[    1.308547] e1000: Copyright (c) 1999-2006 Intel Corporation.
[    1.314448] Fusion MPT base driver 3.04.20
[    1.316148] Copyright (c) 1999-2008 LSI Corporation
[    1.334791] Fusion MPT SPI Host driver 3.04.20
[    1.345234] AVX2 version of gcm_enc/dec engaged.
[    1.347556] AES CTR mode by8 optimization enabled
[    1.561989] input: ImExPS/2 Generic Explorer Mouse as /devices/platform/i8042/serio1/input/input4
[    1.975741] e1000 0000:00:03.0 eth0: (PCI:33MHz:32-bit) 02:6a:5b:40:72:6f
[    1.977582] e1000 0000:00:03.0 eth0: Intel(R) PRO/1000 Network Connection
[    1.980959] mptbase: ioc0: Initiating bringup
[    1.981485] e1000 0000:00:03.0 enp0s3: renamed from eth0
[    2.052488] ioc0: LSI53C1030 A0: Capabilities={Initiator}
[    2.214185] scsi host2: ioc0: LSI53C1030 A0, FwRev=00000000h, Ports=1, MaxQ=256, IRQ=20
[    2.331855] scsi 2:0:0:0: Direct-Access     VBOX     HARDDISK         1.0  PQ: 0 ANSI: 5
[    2.334355] scsi target2:0:0: Beginning Domain Validation
[    2.337834] scsi target2:0:0: Domain Validation skipping write tests
[    2.339185] scsi target2:0:0: Ending Domain Validation
[    2.340474] scsi target2:0:0: asynchronous
[    2.342263] scsi 2:0:1:0: Direct-Access     VBOX     HARDDISK         1.0  PQ: 0 ANSI: 5
[    2.344256] scsi target2:0:1: Beginning Domain Validation
[    2.348531] scsi target2:0:1: Domain Validation skipping write tests
[    2.350019] scsi target2:0:1: Ending Domain Validation
[    2.351709] scsi target2:0:1: asynchronous
[    2.372980] sd 2:0:0:0: Attached scsi generic sg0 type 0
[    2.373344] sd 2:0:0:0: [sda] 20971520 512-byte logical blocks: (10.7 GB/10.0 GiB)
[    2.373688] sd 2:0:0:0: [sda] Write Protect is off
[    2.373844] sd 2:0:0:0: [sda] Incomplete mode parameter data
[    2.373845] sd 2:0:0:0: [sda] Assuming drive cache: write through
[    2.381916]  sda: sda1
[    2.383242] sd 2:0:0:0: [sda] Attached SCSI disk
[    2.387718] sd 2:0:1:0: Attached scsi generic sg1 type 0
[    2.387934] sd 2:0:1:0: [sdb] 20480 512-byte logical blocks: (10.5 MB/10.0 MiB)
[    2.388242] sd 2:0:1:0: [sdb] Write Protect is off
[    2.388420] sd 2:0:1:0: [sdb] Incomplete mode parameter data
[    2.388422] sd 2:0:1:0: [sdb] Assuming drive cache: write through
[    2.392017] sd 2:0:1:0: [sdb] Attached SCSI disk
Begin: Loading essential drivers ... [    3.738115] md: linear personality registered for level -1
[    3.741778] md: multipath personality registered for level -4
[    3.745401] md: raid0 personality registered for level 0
[    3.752125] md: raid1 personality registered for level 1
[    3.823487] raid6: sse2x1   gen()  7430 MB/s
[    3.892233] raid6: sse2x1   xor()  5159 MB/s
[    3.959343] raid6: sse2x2   gen()  5733 MB/s
[    4.031387] raid6: sse2x2   xor()  4343 MB/s
[    4.099468] raid6: sse2x4   gen() 10913 MB/s
[    4.167829] raid6: sse2x4   xor()  8003 MB/s
[    4.235832] raid6: avx2x1   gen() 14115 MB/s
[    4.307541] raid6: avx2x2   gen() 17292 MB/s
[    4.375344] raid6: avx2x4   gen() 18928 MB/s
[    4.377303] raid6: using algorithm avx2x4 gen() 18928 MB/s
[    4.378892] raid6: using avx2x2 recovery algorithm
[    4.383173] xor: automatically using best checksumming function:
[    4.425296]    avx       : 49655.000 MB/sec
[    4.427693] async_tx: api initialized (async)
[    4.451688] md: raid6 personality registered for level 6
[    4.453286] md: raid5 personality registered for level 5
[    4.454597] md: raid4 personality registered for level 4
[    4.465734] md: raid10 personality registered for level 10
done.
Begin: Running /scripts/init-premount ... done.
Begin: Mounting root file system ... Begin: Running /scripts/local-top ... done.
Begin: Running /scripts/local-premount ... [    4.515330] Btrfs loaded
Scanning for Btrfs filesystems
done.
Warning: fsck not present, so skipping root file system
[    4.555190] EXT4-fs (sda1): INFO: recovery required on readonly filesystem
[    4.556909] EXT4-fs (sda1): write access will be enabled during recovery
[    4.572517] EXT4-fs (sda1): recovery complete
[    4.574485] EXT4-fs (sda1): mounted filesystem with ordered data mode. Opts: (null)
done.
Begin: Running /scripts/local-bottom ... done.
Begin: Running /scripts/init-bottom ... done.
[    4.738766] systemd[1]: systemd 229 running in system mode. (+PAM +AUDIT +SELINUX +IMA +APPARMOR +SMACK +SYSVINIT +UTMP +LIBCRYPTSETUP +GCRYPT +GNUTLS +ACL +XZ -LZ4 +SECCOMP +BLKID +ELFUTILS +KMOD -IDN)
[    4.743288] systemd[1]: Detected virtualization oracle.
[    4.744716] systemd[1]: Detected architecture x86-64.

Welcome to [1mUbuntu 16.04.6 LTS[0m!

[    4.753896] systemd[1]: Set hostname to <ubuntu-xenial>.
[    4.928758] systemd[1]: Listening on Journal Socket.
[[0;32m  OK  [0m] Listening on Journal Socket.
[    4.933248] systemd[1]: Listening on udev Kernel Socket.
[[0;32m  OK  [0m] Listening on udev Kernel Socket.
[    4.936837] systemd[1]: Started Forward Password Requests to Wall Directory Watch.
[[0;32m  OK  [0m] Started Forward Password Requests to Wall Directory Watch.
[    4.947833] systemd[1]: Listening on Journal Audit Socket.
[[0;32m  OK  [0m] Listening on Journal Audit Socket.
[    4.951238] systemd[1]: Listening on Device-mapper event daemon FIFOs.
[[0;32m  OK  [0m] Listening on Device-mapper event daemon FIFOs.
[    4.955017] systemd[1]: Listening on Syslog Socket.
[[0;32m  OK  [0m] Listening on Syslog Socket.
[    4.957506] systemd[1]: Reached target Swap.
[[0;32m  OK  [0m] Reached target Swap.
[    4.959644] systemd[1]: Listening on udev Control Socket.
[[0;32m  OK  [0m] Listening on udev Control Socket.
[    4.963586] systemd[1]: Reached target Encrypted Volumes.
[[0;32m  OK  [0m] Reached target Encrypted Volumes.
[    4.967794] systemd[1]: Created slice User and Session Slice.
[[0;32m  OK  [0m] Created slice User and Session Slice.
[    4.976229] systemd[1]: Set up automount Arbitrary Executable File Formats File System Automount Point.
[[0;32m  OK  [0m] Set up automount Arbitrary Executab...ats File System Automount Point.
[    4.982054] systemd[1]: Reached target User and Group Name Lookups.
[[0;32m  OK  [0m] Reached target User and Group Name Lookups.
[    4.985501] systemd[1]: Listening on Journal Socket (/dev/log).
[[0;32m  OK  [0m] Listening on Journal Socket (/dev/log).
[    4.990776] systemd[1]: Listening on LVM2 metadata daemon socket.
[[0;32m  OK  [0m] Listening on LVM2 metadata daemon socket.
[    4.994212] systemd[1]: Listening on /dev/initctl Compatibility Named Pipe.
[[0;32m  OK  [0m] Listening on /dev/initctl Compatibility Named Pipe.
[    5.004148] systemd[1]: Started Trigger resolvconf update for networkd DNS.
[[0;32m  OK  [0m] Started Trigger resolvconf update for networkd DNS.
[    5.008436] systemd[1]: Listening on LVM2 poll daemon socket.
[[0;32m  OK  [0m] Listening on LVM2 poll daemon socket.
[    5.011507] systemd[1]: Created slice System Slice.
[[0;32m  OK  [0m] Created slice System Slice.
[    5.015650] systemd[1]: Created slice system-serial\x2dgetty.slice.
[[0;32m  OK  [0m] Created slice system-serial\x2dgetty.slice.
[    5.027993] systemd[1]: Starting Remount Root and Kernel File Systems...
         Starting Remount Root and Kernel File Systems...
[    5.037313] systemd[1]: Mounting Debug File System...
         Mounting Debug File System...
[    5.043122] systemd[1]: Mounting Huge Pages File System...
         Mounting Huge Pages File System...
[    5.054547] systemd[1]: Reached target Slices.
[    5.056223] EXT4-fs (sda1): re-mounted. Opts: (null)
[[0;32m  OK  [0m] Reached target Slices.
[    5.071579] systemd[1]: Starting Uncomplicated firewall...
         Starting Uncomplicated firewall...
[    5.076722] systemd[1]: Starting Monitoring of LVM2 mirrors, snapshots etc. using dmeventd or progress polling...
         Starting Monitoring of LVM2 mirrors... dmeventd or progress polling...
[    5.085644] systemd[1]: Starting Nameserver information manager...
         Starting Nameserver information manager...
[    5.092296] systemd[1]: Mounting POSIX Message Queue File System...
         Mounting POSIX Message Queue File System...
[    5.101703] systemd[1]: Starting Create list of required static device nodes for the current kernel...
         Starting Create list of required st... nodes for the current kernel...
[    5.113163] systemd[1]: Starting Load Kernel Modules...
         Starting Load Kernel Modules...
[    5.119976] systemd[1]: Starting Set console keymap...
         Starting Set console keymap...
[    5.147918] Loading iSCSI transport class v2.0-870.
[    5.157768] iscsi: registered transport (tcp)
[    5.159488] systemd[1]: Starting Journal Service...
         Starting Journal Service...
[    5.166772] systemd[1]: Reached target System Time Synchronized.
[[0;32m  OK  [0m] Reached target System Time Synchronized.
[    5.177729] systemd[1]: Mounted Huge Pages File System.
[[0;32m  OK  [0m] Mounted Huge Pages File System.
[    5.181716] systemd[1]: Mounted POSIX Message Queue File System.
[[0;32m  OK  [0m] Mounted POSIX Message Queue File System.
[    5.191483] systemd[1]: Mounted Debug File System.
[[0;32m  OK  [0m] Mounted Debug File System.
[    5.199876] systemd[1]: Started Journal Service.
[[0;32m  OK  [0m] Started Journal Service.
[[0;32m  OK  [0m] Started Remount Root and Kernel File Systems.
[[0;32m  OK  [0m] Started Uncomplicated firewall.
[[0;32m  OK  [0m] Started Create list of required sta...ce nodes for the current kernel.
[[0;32m  OK  [0m] Started Set console keymap.
[[0;32m  OK  [0m] Started Nameserver information manager.
[    5.241651] iscsi: registered transport (iser)
[[0;32m  OK  [0m] Started Load Kernel Modules.
         Starting Apply Kernel Variables...
         Mounting FUSE Control File System...
[[0;32m  OK  [0m] Started LVM2 metadata daemon.
         Starting Create Static Device Nodes in /dev...
         Starting Load/Save Random Seed...
         Starting udev Coldplug all Devices...
         Starting Flush Journal to Persistent Storage...
[[0;32m  OK  [0m] Mounted FUSE Control File System.
[[0;32m  OK  [0m] Started Apply Kernel Variables.
[[0;32m  OK  [0m] Started Load/Save Random Seed.
[[0;32m  OK  [0m] Started Create Static Device Nodes in /dev.
[[0;32m  OK  [0m] Started Flush Journal to Persistent Storage.
[[0;32m  OK  [0m] Started udev Coldplug all Devices.
         Starting udev Kernel Device Manager...
[[0;32m  OK  [0m] Started udev Kernel Device Manager.
[[0;32m  OK  [0m] Started Dispatch Password Requests to Console Directory Watch.
[[0;32m  OK  [0m] Started Monitoring of LVM2 mirrors,...ng dmeventd or progress polling.
[[0;32m  OK  [0m] Reached target Local File Systems (Pre).
[[0;32m  OK  [0m] Reached target Local File Systems.
         Starting Tell Plymouth To Write Out Runtime Data...
         Starting Set console font and keymap...
         Starting Create Volatile Files and Directories...
         Starting LSB: AppArmor initialization...
         Starting Initial cloud-init job (pre-networking)...
[[0;32m  OK  [0m] Started Tell Plymouth To Write Out Runtime Data.
[[0;32m  OK  [0m] Started Create Volatile Files and Directories.
         Starting Update UTMP about System Boot/Shutdown...
[[0;32m  OK  [0m] Started Update UTMP about System Boot/Shutdown.
[[0;32m  OK  [0m] Found device /dev/ttyS0.
[[0;32m  OK  [0m] Started LSB: AppArmor initialization.
[[0;32m  OK  [0m] Found device 82540EM Gigabit Ethern...r (PRO/1000 MT Desktop Adapter).
[[0;32m  OK  [0m] Listening on Load/Save RF Kill Switch Status /dev/rfkill Watch.
[    6.625637] cloud-init[488]: Cloud-init v. 19.1-1-gbaa47854-0ubuntu1~16.04.1 running 'init-local' at Wed, 11 Sep 2019 09:36:47 +0000. Up 6.31 seconds.
[[0;32m  OK  [0m] Started Set console font and keymap.
[[0;32m  OK  [0m] Started Initial cloud-init job (pre-networking).
[[0;32m  OK  [0m] Reached target Network (Pre).
[[0;32m  OK  [0m] Started ifup for enp0s3.
         Starting Raise network interfaces...
[[0;32m  OK  [0m] Created slice system-getty.slice.
[[0;32m  OK  [0m] Started Raise network interfaces.
         Starting Initial cloud-init job (metadata service crawler)...
[[0;32m  OK  [0m] Reached target Network.
[    7.528590] cloud-init[972]: Cloud-init v. 19.1-1-gbaa47854-0ubuntu1~16.04.1 running 'init' at Wed, 11 Sep 2019 09:36:47 +0000. Up 7.23 seconds.
[    7.534881] cloud-init[972]: ci-info: ++++++++++++++++++++++++++++++++++++++Net device info++++++++++++++++++++++++++++++++++++++
[    7.539732] cloud-init[972]: ci-info: +--------+------+----------------------------+---------------+--------+-------------------+
[    7.544332] cloud-init[972]: ci-info: | Device |  Up  |          Address           |      Mask     | Scope  |     Hw-Address    |
[    7.549146] cloud-init[972]: ci-info: +--------+------+----------------------------+---------------+--------+-------------------+
[    7.553456] cloud-init[972]: ci-info: | enp0s3 | True |         10.0.2.15          | 255.255.255.0 | global | 02:6a:5b:40:72:6f |
[    7.563203] cloud-init[972]: ci-info: | enp0s3 | True | fe80::6a:5bff:fe40:726f/64 |       .       |  link  | 02:6a:5b:40:72:6f |
[    7.568308] cloud-init[972]: ci-info: |   lo   | True |         127.0.0.1          |   255.0.0.0   |  host  |         .         |
[    7.575601] cloud-init[972]: ci-info: |   lo   | True |          ::1/128           |       .       |  host  |         .         |
[    7.579270] cloud-init[972]: ci-info: +--------+------+----------------------------+---------------+--------+-------------------+
[    7.584825] cloud-init[972]: ci-info: +++++++++++++++++++++++++++Route IPv4 info++++++++++++++++++++++++++++
[    7.588325] cloud-init[972]: ci-info: +-------+-------------+----------+---------------+-----------+-------+
[    7.592281] cloud-init[972]: ci-info: | Route | Destination | Gateway  |    Genmask    | Interface | Flags |
[    7.596294] cloud-init[972]: ci-info: +-------+-------------+----------+---------------+-----------+-------+
[    7.606879] cloud-init[972]: ci-info: |   0   |   0.0.0.0   | 10.0.2.2 |    0.0.0.0    |   enp0s3  |   UG  |
[    7.609316] cloud-init[972]: ci-info: |   1   |   10.0.2.0  | 0.0.0.0  | 255.255.255.0 |   enp0s3  |   U   |
[    7.619142] cloud-init[972]: ci-info: +-------+-------------+----------+---------------+-----------+-------+
[    7.624152] cloud-init[972]: ci-info: +++++++++++++++++++Route IPv6 info+++++++++++++++++++
[    7.625940] cloud-init[972]: ci-info: +-------+-------------+---------+-----------+-------+
[    7.627981] cloud-init[972]: ci-info: | Route | Destination | Gateway | Interface | Flags |
[    7.640423] cloud-init[972]: ci-info: +-------+-------------+---------+-----------+-------+
[    7.643578] cloud-init[972]: ci-info: |   0   |  fe80::/64  |    ::   |   enp0s3  |   U   |
[    7.646124] cloud-init[972]: ci-info: |   3   |   ff00::/8  |    ::   |   enp0s3  |   U   |
[    7.650039] cloud-init[972]: ci-info: +-------+-------------+---------+-----------+-------+
[[0;32m  OK  [0m] Started Initial cloud-init job (metadata service crawler).
[[0;32m  OK  [0m] Reached target System Initialization.
[[0;32m  OK  [0m] Started ACPI Events Check.
[[0;32m  OK  [0m] Reached target Paths.
[[0;32m  OK  [0m] Listening on ACPID Listen Socket.
         Starting Socket activation for snappy daemon.
[[0;32m  OK  [0m] Listening on D-Bus System Message Bus Socket.
[[0;32m  OK  [0m] Listening on UUID daemon activation socket.
[[0;32m  OK  [0m] Started Daily Cleanup of Temporary Directories.
         Starting LXD - unix socket.
[[0;32m  OK  [0m] Started Daily apt download activities.
[[0;32m  OK  [0m] Started Daily apt upgrade and clean activities.
[[0;32m  OK  [0m] Reached target Timers.
[[0;32m  OK  [0m] Reached target Cloud-config availability.
[[0;32m  OK  [0m] Reached target Network is Online.
         Starting iSCSI initiator daemon (iscsid)...
[[0;32m  OK  [0m] Listening on Socket activation for snappy daemon.
[[0;32m  OK  [0m] Listening on LXD - unix socket.
[[0;32m  OK  [0m] Started iSCSI initiator daemon (iscsid).
         Starting Login to default iSCSI targets...
[[0;32m  OK  [0m] Reached target Sockets.
[[0;32m  OK  [0m] Reached target Basic System.
         Starting System Logging Service...
         Starting Login Service...
         Starting Virtualbox guest utils...
         Starting LSB: MD monitoring daemon...
         Starting LSB: Record successful boot for GRUB...
         Starting OpenBSD Secure Shell server...
         Starting /etc/rc.local Compatibility...
[[0;32m  OK  [0m] Started Regular background program processing daemon.
[[0;32m  OK  [0m] Started ACPI event daemon.
[[0;32m  OK  [0m] Started Deferred execution scheduler.
         Starting Accounts Service...
         Starting LXD - container startup/shutdown...
[[0;32m  OK  [0m] Started FUSE filesystem for LXC.
[[0;32m  OK  [0m] Started D-Bus System Message Bus.
         Starting Snappy daemon...
[[0;32m  OK  [0m] Started System Logging Service.
[[0;32m  OK  [0m] Started /etc/rc.local Compatibility.
[[0;32m  OK  [0m] Started OpenBSD Secure Shell server.
[[0;32m  OK  [0m] Started Login to default iSCSI targets.
[[0;32m  OK  [0m] Started LXD - container startup/shutdown.
[[0;32m  OK  [0m] Started LSB: MD monitoring daemon.
[[0;32m  OK  [0m] Started LSB: Record successful boot for GRUB.
[[0;32m  OK  [0m] Started Login Service.
[[0;32m  OK  [0m] Started Unattended Upgrades Shutdown.
         Starting Authenticate and Authorize Users to Run Privileged Tasks...
[[0;32m  OK  [0m] Reached target Remote File Systems (Pre).
[[0;32m  OK  [0m] Reached target Remote File Systems.
         Starting LSB: daemon to balance interrupts for SMP systems...
         Starting LSB: automatic crash report generation...
         Starting LSB: Set the CPU Frequency Scaling governor to "ondemand"...
         Starting Permit User Sessions...
[[0;32m  OK  [0m] Started Permit User Sessions.
[[0;32m  OK  [0m] Started Virtualbox guest utils.
[[0;32m  OK  [0m] Started Authenticate and Authorize Users to Run Privileged Tasks.
[[0;32m  OK  [0m] Started Accounts Service.
         Starting Hold until boot process finishes up...
         Starting Terminate Plymouth Boot Screen...
[[0;32m  OK  [0m] Started LSB: daemon to balance interrupts for SMP systems.
[[0;32m  OK  [0m] Started LSB: automatic crash report generation.
[[0;32m  OK  [0m] Started Hold until boot process finishes up.
[[0;32m  OK  [0m] Started Terminate Plymouth Boot Screen.
[[0;32m  OK  [0m] Started Serial Getty on ttyS0.
[[0;32m  OK  [0m] Started Getty on tty1.
[[0;32m  OK  [0m] Reached target Login Prompts.
         Starting Set console scheme...
[[0;32m  OK  [0m] Started LSB: Set the CPU Frequency Scaling governor to "ondemand".
[[0;32m  OK  [0m] Started Set console scheme.
[[0;32m  OK  [0m] Started Snappy daemon.
         Starting Wait until snapd is fully seeded...
[[0;32m  OK  [0m] Started Wait until snapd is fully seeded.
         Starting Apply the settings specified in cloud-config...
[[0;32m  OK  [0m] Reached target Multi-User System.
[[0;32m  OK  [0m] Reached target Graphical Interface.
         Starting Update UTMP about System Runlevel Changes...
[[0;32m  OK  [0m] Started Update UTMP about System Runlevel Changes.
[    9.046195] cloud-init[1234]: Cloud-init v. 19.1-1-gbaa47854-0ubuntu1~16.04.1 running 'modules:config' at Wed, 11 Sep 2019 09:36:49 +0000. Up 8.92 seconds.
[[0;32m  OK  [0m] Started Apply the settings specified in cloud-config.
         Starting Execute cloud user/final scripts...
[    9.657694] cloud-init[1248]: Cloud-init v. 19.1-1-gbaa47854-0ubuntu1~16.04.1 running 'modules:final' at Wed, 11 Sep 2019 09:36:50 +0000. Up 9.53 seconds.
[    9.663185] cloud-init[1248]: Cloud-init v. 19.1-1-gbaa47854-0ubuntu1~16.04.1 finished at Wed, 11 Sep 2019 09:36:50 +0000. Datasource DataSourceNoCloud [seed=/dev/sdb][dsmode=net].  Up 9.64 seconds
[[0;32m  OK  [0m] Started Execute cloud user/final scripts.
[[0;32m  OK  [0m] Reached target Cloud-init target.
         Starting Daily apt download activities...
[[0;32m  OK  [0m] Created slice User Slice of vagrant.
         Starting User Manager for UID 1000...
[[0;32m  OK  [0m] Started Session 1 of user vagrant.
[[0;32m  OK  [0m] Started User Manager for UID 1000.

Ubuntu 16.04.6 LTS ubuntu-xenial ttyS0

ubuntu-xenial login: 