[    0.000000] Initializing cgroup subsys cpuset
[    0.000000] Initializing cgroup subsys cpu
[    0.000000] Initializing cgroup subsys cpuacct
[    0.000000] Linux version 4.4.0-159-generic (buildd@lgw01-amd64-042) (gcc version 5.4.0 20160609 (Ubuntu 5.4.0-6ubuntu1~16.04.10) ) #187-Ubuntu SMP Thu Aug 1 16:28:06 UTC 2019 (Ubuntu 4.4.0-159.187-generic 4.4.185)
[    0.000000] Command line: BOOT_IMAGE=/boot/vmlinuz-4.4.0-159-generic root=LABEL=cloudimg-rootfs ro console=tty1 console=ttyS0
[    0.000000] KERNEL supported cpus:
[    0.000000]   Intel GenuineIntel
[    0.000000]   AMD AuthenticAMD
[    0.000000]   Centaur CentaurHauls
[    0.000000] x86/fpu: xstate_offset[2]:  576, xstate_sizes[2]:  256
[    0.000000] x86/fpu: Supporting XSAVE feature 0x01: 'x87 floating point registers'
[    0.000000] x86/fpu: Supporting XSAVE feature 0x02: 'SSE registers'
[    0.000000] x86/fpu: Supporting XSAVE feature 0x04: 'AVX registers'
[    0.000000] x86/fpu: Enabled xstate features 0x7, context size is 832 bytes, using 'standard' format.
[    0.000000] e820: BIOS-provided physical RAM map:
[    0.000000] BIOS-e820: [mem 0x0000000000000000-0x000000000009fbff] usable
[    0.000000] BIOS-e820: [mem 0x000000000009fc00-0x000000000009ffff] reserved
[    0.000000] BIOS-e820: [mem 0x00000000000f0000-0x00000000000fffff] reserved
[    0.000000] BIOS-e820: [mem 0x0000000000100000-0x000000003ffeffff] usable
[    0.000000] BIOS-e820: [mem 0x000000003fff0000-0x000000003fffffff] ACPI data
[    0.000000] BIOS-e820: [mem 0x00000000fec00000-0x00000000fec00fff] reserved
[    0.000000] BIOS-e820: [mem 0x00000000fee00000-0x00000000fee00fff] reserved
[    0.000000] BIOS-e820: [mem 0x00000000fffc0000-0x00000000ffffffff] reserved
[    0.000000] NX (Execute Disable) protection: active
[    0.000000] SMBIOS 2.5 present.
[    0.000000] Hypervisor detected: KVM
[    0.000000] e820: last_pfn = 0x3fff0 max_arch_pfn = 0x400000000
[    0.000000] MTRR: Disabled
[    0.000000] x86/PAT: MTRRs disabled, skipping PAT initialization too.
[    0.000000] CPU MTRRs all blank - virtualized system.
[    0.000000] x86/PAT: Configuration [0-7]: WB  WT  UC- UC  WB  WT  UC- UC  
[    0.000000] found SMP MP-table at [mem 0x0009fff0-0x0009ffff] mapped at [ffff88000009fff0]
[    0.000000] Scanning 1 areas for low memory corruption
[    0.000000] RAMDISK: [mem 0x362f8000-0x37173fff]
[    0.000000] ACPI: Early table checksum verification disabled
[    0.000000] ACPI: RSDP 0x00000000000E0000 000024 (v02 VBOX  )
[    0.000000] ACPI: XSDT 0x000000003FFF0030 00003C (v01 VBOX   VBOXXSDT 00000001 ASL  00000061)
[    0.000000] ACPI: FACP 0x000000003FFF00F0 0000F4 (v04 VBOX   VBOXFACP 00000001 ASL  00000061)
[    0.000000] ACPI: DSDT 0x000000003FFF0470 0022EA (v02 VBOX   VBOXBIOS 00000002 INTL 20100528)
[    0.000000] ACPI: FACS 0x000000003FFF0200 000040
[    0.000000] ACPI: FACS 0x000000003FFF0200 000040
[    0.000000] ACPI: APIC 0x000000003FFF0240 00005C (v02 VBOX   VBOXAPIC 00000001 ASL  00000061)
[    0.000000] ACPI: SSDT 0x000000003FFF02A0 0001CC (v01 VBOX   VBOXCPUT 00000002 INTL 20100528)
[    0.000000] No NUMA configuration found
[    0.000000] Faking a node at [mem 0x0000000000000000-0x000000003ffeffff]
[    0.000000] NODE_DATA(0) allocated [mem 0x3ffeb000-0x3ffeffff]
[    0.000000] kvm-clock: Using msrs 4b564d01 and 4b564d00
[    0.000000] kvm-clock: cpu 0, msr 0:3ffe3001, primary cpu clock
[    0.000000] kvm-clock: using sched offset of 3739814372 cycles
[    0.000000] clocksource: kvm-clock: mask: 0xffffffffffffffff max_cycles: 0x1cd42e4dffb, max_idle_ns: 881590591483 ns
[    0.000000] Zone ranges:
[    0.000000]   DMA      [mem 0x0000000000001000-0x0000000000ffffff]
[    0.000000]   DMA32    [mem 0x0000000001000000-0x000000003ffeffff]
[    0.000000]   Normal   empty
[    0.000000]   Device   empty
[    0.000000] Movable zone start for each node
[    0.000000] Early memory node ranges
[    0.000000]   node   0: [mem 0x0000000000001000-0x000000000009efff]
[    0.000000]   node   0: [mem 0x0000000000100000-0x000000003ffeffff]
[    0.000000] Initmem setup node 0 [mem 0x0000000000001000-0x000000003ffeffff]
[    0.000000] ACPI: PM-Timer IO Port: 0x4008
[    0.000000] IOAPIC[0]: apic_id 2, version 32, address 0xfec00000, GSI 0-23
[    0.000000] ACPI: INT_SRC_OVR (bus 0 bus_irq 0 global_irq 2 dfl dfl)
[    0.000000] ACPI: INT_SRC_OVR (bus 0 bus_irq 9 global_irq 9 low level)
[    0.000000] Using ACPI (MADT) for SMP configuration information
[    0.000000] smpboot: Allowing 2 CPUs, 0 hotplug CPUs
[    0.000000] PM: Registered nosave memory: [mem 0x00000000-0x00000fff]
[    0.000000] PM: Registered nosave memory: [mem 0x0009f000-0x0009ffff]
[    0.000000] PM: Registered nosave memory: [mem 0x000a0000-0x000effff]
[    0.000000] PM: Registered nosave memory: [mem 0x000f0000-0x000fffff]
[    0.000000] e820: [mem 0x40000000-0xfebfffff] available for PCI devices
[    0.000000] Booting paravirtualized kernel on KVM
[    0.000000] clocksource: refined-jiffies: mask: 0xffffffff max_cycles: 0xffffffff, max_idle_ns: 7645519600211568 ns
[    0.000000] setup_percpu: NR_CPUS:512 nr_cpumask_bits:512 nr_cpu_ids:2 nr_node_ids:1
[    0.000000] PERCPU: Embedded 34 pages/cpu @ffff88003fc00000 s99544 r8192 d31528 u1048576
[    0.000000] Built 1 zonelists in Node order, mobility grouping on.  Total pages: 257912
[    0.000000] Policy zone: DMA32
[    0.000000] Kernel command line: BOOT_IMAGE=/boot/vmlinuz-4.4.0-159-generic root=LABEL=cloudimg-rootfs ro console=tty1 console=ttyS0
[    0.000000] PID hash table entries: 4096 (order: 3, 32768 bytes)
[    0.000000] Memory: 997724K/1048120K available (8618K kernel code, 1335K rwdata, 4032K rodata, 1488K init, 1284K bss, 50396K reserved, 0K cma-reserved)
[    0.000000] SLUB: HWalign=64, Order=0-3, MinObjects=0, CPUs=2, Nodes=1
[    0.000000] Kernel/User page tables isolation: enabled
[    0.000000] Hierarchical RCU implementation.
[    0.000000] 	Build-time adjustment of leaf fanout to 64.
[    0.000000] 	RCU restricting CPUs from NR_CPUS=512 to nr_cpu_ids=2.
[    0.000000] RCU: Adjusting geometry for rcu_fanout_leaf=64, nr_cpu_ids=2
[    0.000000] NR_IRQS:33024 nr_irqs:440 16
[    0.000000] Console: colour VGA+ 80x25
[    0.000000] console [tty1] enabled
[    0.000000] console [ttyS0] enabled
[    0.000000] tsc: Detected 2793.532 MHz processor
[    0.148592] Calibrating delay loop (skipped) preset value.. 5587.06 BogoMIPS (lpj=11174128)
[    0.150683] pid_max: default: 32768 minimum: 301
[    0.151805] ACPI: Core revision 20150930
[    0.153358] ACPI: 2 ACPI AML tables successfully acquired and loaded
[    0.155126] Security Framework initialized
[    0.156083] Yama: becoming mindful.
[    0.156973] AppArmor: AppArmor initialized
[    0.158226] Dentry cache hash table entries: 131072 (order: 8, 1048576 bytes)
[    0.160977] Inode-cache hash table entries: 65536 (order: 7, 524288 bytes)
[    0.162470] Mount-cache hash table entries: 2048 (order: 2, 16384 bytes)
[    0.163885] Mountpoint-cache hash table entries: 2048 (order: 2, 16384 bytes)
[    0.165427] Initializing cgroup subsys io
[    0.166330] Initializing cgroup subsys memory
[    0.167289] Initializing cgroup subsys devices
[    0.168284] Initializing cgroup subsys freezer
[    0.169250] Initializing cgroup subsys net_cls
[    0.170219] Initializing cgroup subsys perf_event
[    0.171362] Initializing cgroup subsys net_prio
[    0.172652] Initializing cgroup subsys hugetlb
[    0.173643] Initializing cgroup subsys pids
[    0.175388] mce: CPU supports 0 MCE banks
[    0.176327] Last level iTLB entries: 4KB 1024, 2MB 1024, 4MB 1024
[    0.177579] Last level dTLB entries: 4KB 1024, 2MB 1024, 4MB 1024, 1GB 4
[    0.178934] Spectre V1 : Mitigation: usercopy/swapgs barriers and __user pointer sanitization
[    0.180815] Spectre V2 : Mitigation: Full generic retpoline
[    0.181975] Spectre V2 : Spectre v2 / SpectreRSB mitigation: Filling RSB on context switch
[    0.183781] Speculative Store Bypass: Vulnerable
[    0.184862] MDS: Mitigation: Clear CPU buffers
[    0.188158] Freeing SMP alternatives memory: 36K
[    0.193835] ftrace: allocating 32318 entries in 127 pages
[    0.241313] smpboot: APIC(0) Converting physical 0 to logical package 0
[    0.243034] smpboot: Max logical packages: 1
[    0.244246] x2apic enabled
[    0.245286] Switched APIC routing to physical x2apic.
[    0.247466] ..TIMER: vector=0x30 apic1=0 pin1=2 apic2=-1 pin2=-1
[    0.355948] smpboot: CPU0: Intel(R) Core(TM) i7-4980HQ CPU @ 2.80GHz (family: 0x6, model: 0x46, stepping: 0x1)
[    0.358464] Performance Events: unsupported p6 CPU model 70 no PMU driver, software events only.
[    0.369843] KVM setup paravirtual spinlock
[    0.371695] x86: Booting SMP configuration:
[    0.372764] .... node  #0, CPUs:      #1
[    0.374157] kvm-clock: cpu 1, msr 0:3ffe3041, secondary cpu clock
[    0.376192] mce: CPU supports 0 MCE banks
[    0.378949] x86: Booted up 1 node, 2 CPUs
[    0.380107] smpboot: Total of 2 processors activated (11174.12 BogoMIPS)
[    0.382062] devtmpfs: initialized
[    0.383940] evm: security.selinux
[    0.385169] evm: security.SMACK64
[    0.386173] evm: security.SMACK64EXEC
[    0.387140] evm: security.SMACK64TRANSMUTE
[    0.388127] evm: security.SMACK64MMAP
[    0.389067] evm: security.ima
[    0.389845] evm: security.capability
[    0.391443] clocksource: jiffies: mask: 0xffffffff max_cycles: 0xffffffff, max_idle_ns: 7645041785100000 ns
[    0.393701] futex hash table entries: 512 (order: 3, 32768 bytes)
[    0.395266] pinctrl core: initialized pinctrl subsystem
[    0.396898] RTC time: 11:06:07, date: 08/30/19
[    0.399028] NET: Registered protocol family 16
[    0.412255] cpuidle: using governor ladder
[    0.424283] cpuidle: using governor menu
[    0.425427] PCCT header not found.
[    0.426304] ACPI: bus type PCI registered
[    0.427317] acpiphp: ACPI Hot Plug PCI Controller Driver version: 0.5
[    0.429042] PCI: Using configuration type 1 for base access
[    0.441165] ACPI: Added _OSI(Module Device)
[    0.442258] ACPI: Added _OSI(Processor Device)
[    0.443345] ACPI: Added _OSI(3.0 _SCP Extensions)
[    0.444472] ACPI: Added _OSI(Processor Aggregator Device)
[    0.446405] ACPI: Executed 1 blocks of module-level executable AML code
[    0.449563] ACPI: Interpreter enabled
[    0.450437] ACPI: (supports S0 S5)
[    0.451294] ACPI: Using IOAPIC for interrupt routing
[    0.452661] PCI: Using host bridge windows from ACPI; if necessary, use "pci=nocrs" and report a bug
[    0.458479] ACPI: PCI Root Bridge [PCI0] (domain 0000 [bus 00-ff])
[    0.459980] acpi PNP0A03:00: _OSC: OS supports [ASPM ClockPM Segments MSI]
[    0.461944] acpi PNP0A03:00: _OSC: not requesting OS control; OS requires [ExtendedConfig ASPM ClockPM MSI]
[    0.464245] acpi PNP0A03:00: fail to add MMCONFIG information, can't access extended PCI configuration space under this bridge.
[    0.467121] PCI host bridge to bus 0000:00
[    0.468211] pci_bus 0000:00: root bus resource [io  0x0000-0x0cf7 window]
[    0.470052] pci_bus 0000:00: root bus resource [io  0x0d00-0xffff window]
[    0.471562] pci_bus 0000:00: root bus resource [mem 0x000a0000-0x000bffff window]
[    0.473342] pci_bus 0000:00: root bus resource [mem 0x40000000-0xfdffffff window]
[    0.475627] pci_bus 0000:00: root bus resource [bus 00-ff]
[    0.480075] pci 0000:00:01.1: legacy IDE quirk: reg 0x10: [io  0x01f0-0x01f7]
[    0.482348] pci 0000:00:01.1: legacy IDE quirk: reg 0x14: [io  0x03f6]
[    0.484238] pci 0000:00:01.1: legacy IDE quirk: reg 0x18: [io  0x0170-0x0177]
[    0.485840] pci 0000:00:01.1: legacy IDE quirk: reg 0x1c: [io  0x0376]
[    0.509753] pci 0000:00:07.0: quirk: [io  0x4000-0x403f] claimed by PIIX4 ACPI
[    0.511696] pci 0000:00:07.0: quirk: [io  0x4100-0x410f] claimed by PIIX4 SMB
[    0.518266] ACPI: PCI Interrupt Link [LNKA] (IRQs 5 9 10 *11)
[    0.520130] ACPI: PCI Interrupt Link [LNKB] (IRQs 5 9 *10 11)
[    0.521828] ACPI: PCI Interrupt Link [LNKC] (IRQs 5 *9 10 11)
[    0.523534] ACPI: PCI Interrupt Link [LNKD] (IRQs 5 9 10 *11)
[    0.525286] ACPI: Enabled 2 GPEs in block 00 to 07
[    0.526699] vgaarb: setting as boot device: PCI:0000:00:02.0
[    0.528014] vgaarb: device added: PCI:0000:00:02.0,decodes=io+mem,owns=io+mem,locks=none
[    0.529950] vgaarb: loaded
[    0.530687] vgaarb: bridge control possible 0000:00:02.0
[    0.532154] SCSI subsystem initialized
[    0.533171] ACPI: bus type USB registered
[    0.534205] usbcore: registered new interface driver usbfs
[    0.535556] usbcore: registered new interface driver hub
[    0.536935] usbcore: registered new device driver usb
[    0.538264] PCI: Using ACPI for IRQ routing
[    0.539787] NetLabel: Initializing
[    0.540744] NetLabel:  domain hash size = 128
[    0.541810] NetLabel:  protocols = UNLABELED CIPSOv4
[    0.544044] NetLabel:  unlabeled traffic allowed by default
[    0.545545] amd_nb: Cannot enumerate AMD northbridges
[    0.546775] clocksource: Switched to clocksource kvm-clock
[    0.554199] AppArmor: AppArmor Filesystem Enabled
[    0.555464] pnp: PnP ACPI init
[    0.557387] pnp: PnP ACPI: found 3 devices
[    0.566691] clocksource: acpi_pm: mask: 0xffffff max_cycles: 0xffffff, max_idle_ns: 2085701024 ns
[    0.569030] NET: Registered protocol family 2
[    0.570360] TCP established hash table entries: 8192 (order: 4, 65536 bytes)
[    0.572106] TCP bind hash table entries: 8192 (order: 5, 131072 bytes)
[    0.573508] TCP: Hash tables configured (established 8192 bind 8192)
[    0.574863] UDP hash table entries: 512 (order: 2, 16384 bytes)
[    0.576160] UDP-Lite hash table entries: 512 (order: 2, 16384 bytes)
[    0.577528] NET: Registered protocol family 1
[    0.578523] pci 0000:00:00.0: Limiting direct PCI/PCI transfers
[    0.579850] pci 0000:00:01.0: Activating ISA DMA hang workarounds
[    0.581384] Unpacking initramfs...
[    0.757407] Freeing initrd memory: 14832K
[    0.758691] clocksource: tsc: mask: 0xffffffffffffffff max_cycles: 0x284462ec54c, max_idle_ns: 440795344772 ns
[    0.761312] platform rtc_cmos: registered platform RTC device (no PNP device found)
[    0.763088] Scanning for low memory corruption every 60 seconds
[    0.764788] audit: initializing netlink subsys (disabled)
[    0.765996] audit: type=2000 audit(1567163172.075:1): initialized
[    0.767545] Initialise system trusted keyring
[    0.768765] HugeTLB registered 2 MB page size, pre-allocated 0 pages
[    0.771166] zbud: loaded
[    0.772142] VFS: Disk quotas dquot_6.6.0
[    0.773092] VFS: Dquot-cache hash table entries: 512 (order 0, 4096 bytes)
[    0.774730] squashfs: version 4.0 (2009/01/31) Phillip Lougher
[    0.776276] fuse init (API version 7.23)
[    0.777342] Key type big_key registered
[    0.778261] Allocating IMA MOK and blacklist keyrings.
[    0.781013] Key type asymmetric registered
[    0.781974] Asymmetric key parser 'x509' registered
[    0.783086] Block layer SCSI generic (bsg) driver version 0.4 loaded (major 249)
[    0.784875] io scheduler noop registered
[    0.785792] io scheduler deadline registered (default)
[    0.786993] io scheduler cfq registered
[    0.788030] pci_hotplug: PCI Hot Plug PCI Core version: 0.5
[    0.789334] pciehp: PCI Express Hot Plug Controller Driver version: 0.4
[    0.791205] ACPI: AC Adapter [AC] (on-line)
[    0.792222] input: Power Button as /devices/LNXSYSTM:00/LNXPWRBN:00/input/input0
[    0.793911] ACPI: Power Button [PWRF]
[    0.794866] input: Sleep Button as /devices/LNXSYSTM:00/LNXSLPBN:00/input/input1
[    0.796553] ACPI: Sleep Button [SLPF]
[    0.798437] ACPI: Battery Slot [BAT0] (battery present)
[    0.799693] GHES: HEST is not enabled!
[    0.800669] Serial: 8250/16550 driver, 32 ports, IRQ sharing enabled
[    0.822804] 00:02: ttyS0 at I/O 0x3f8 (irq = , base_baud = 115200) is a 16550A
[    0.826840] Linux agpgart interface v0.103
[    0.830022] loop: module loaded
[    0.831798] scsi host0: ata_piix
[    0.833061] scsi host1: ata_piix
[    0.833984] ata1: PATA max UDMA/33 cmd 0x1f0 ctl 0x3f6 bmdma 0xd000 irq 14
[    0.835866] ata2: PATA max UDMA/33 cmd 0x170 ctl 0x376 bmdma 0xd008 irq 15
[    0.837395] libphy: Fixed MDIO Bus: probed
[    0.838453] tun: Universal TUN/TAP device driver, 1.6
[    0.839607] tun: (C) 1999-2004 Max Krasnyansky <maxk@qualcomm.com>
[    0.841065] PPP generic driver version 2.4.2
[    0.842088] ehci_hcd: USB 2.0 'Enhanced' Host Controller (EHCI) Driver
[    0.843515] ehci-pci: EHCI PCI platform driver
[    0.844529] ehci-platform: EHCI generic platform driver
[    0.845681] ohci_hcd: USB 1.1 'Open' Host Controller (OHCI) Driver
[    0.846996] ohci-pci: OHCI PCI platform driver
[    0.848038] ohci-platform: OHCI generic platform driver
[    0.849188] uhci_hcd: USB Universal Host Controller Interface driver
[    0.850574] i8042: PNP: PS/2 Controller [PNP0303:PS2K,PNP0f03:PS2M] at 0x60,0x64 irq 1,12
[    0.853002] serio: i8042 KBD port at 0x60,0x64 irq 1
[    0.854122] serio: i8042 AUX port at 0x60,0x64 irq 12
[    0.855357] mousedev: PS/2 mouse device common for all mice
[    0.856960] rtc_cmos rtc_cmos: rtc core: registered rtc_cmos as rtc0
[    0.858387] rtc_cmos rtc_cmos: alarms up to one day, 114 bytes nvram
[    0.859811] i2c /dev entries driver
[    0.860721] device-mapper: uevent: version 1.0.3
[    0.861810] input: AT Translated Set 2 keyboard as /devices/platform/i8042/serio0/input/input2
[    0.863853] device-mapper: ioctl: 4.34.0-ioctl (2015-10-28) initialised: dm-devel@redhat.com
[    0.865852] ledtrig-cpu: registered to indicate activity on CPUs
[    0.867635] NET: Registered protocol family 10
[    0.869088] NET: Registered protocol family 17
[    0.870113] Key type dns_resolver registered
[    0.871352] registered taskstats version 1
[    0.872632] Loading compiled-in X.509 certificates
[    0.874185] Loaded X.509 cert 'Build time autogenerated kernel key: d14182f9795b80ec340f636a5a08bf5817ccd8e7'
[    0.876510] zswap: loaded using pool lzo/zbud
[    0.879025] Key type trusted registered
[    0.882837] Key type encrypted registered
[    0.883773] AppArmor: AppArmor sha1 policy hashing enabled
[    0.884962] ima: No TPM chip found, activating TPM-bypass!
[    0.886153] ima: Allocated hash algorithm: sha1
[    0.887248] evm: HMAC attrs: 0x1
[    0.888500]   Magic number: 15:497:126
[    0.889607] acpi device:01: hash matches
[    0.890671] rtc_cmos rtc_cmos: setting system clock to 2019-08-30 11:06:07 UTC (1567163167)
[    0.893066] BIOS EDD facility v0.16 2004-Jun-25, 0 devices found
[    0.894516] EDD information not available.
[    0.996206] Freeing unused kernel memory: 1488K
[    0.997994] Write protecting the kernel read-only data: 14336k
[    1.000211] Freeing unused kernel memory: 1608K
[    1.001686] Freeing unused kernel memory: 64K
Loading, please wait...
starting version 229
[    1.015395] random: systemd-udevd: uninitialized urandom read (16 bytes read, 2 bits of entropy available)
[    1.015751] random: udevadm: uninitialized urandom read (16 bytes read, 2 bits of entropy available)
[    1.015774] random: udevadm: uninitialized urandom read (16 bytes read, 2 bits of entropy available)
[    1.021798] random: udevadm: uninitialized urandom read (16 bytes read, 2 bits of entropy available)
[    1.021829] random: udevadm: uninitialized urandom read (16 bytes read, 2 bits of entropy available)
[    1.021926] random: udevadm: uninitialized urandom read (16 bytes read, 2 bits of entropy available)
[    1.021960] random: udevadm: uninitialized urandom read (16 bytes read, 2 bits of entropy available)
[    1.021995] random: udevadm: uninitialized urandom read (16 bytes read, 2 bits of entropy available)
[    1.022029] random: udevadm: uninitialized urandom read (16 bytes read, 2 bits of entropy available)
[    1.022062] random: udevadm: uninitialized urandom read (16 bytes read, 2 bits of entropy available)
[    1.058377] e1000: Intel(R) PRO/1000 Network Driver - version 7.3.21-k8-NAPI
[    1.060195] e1000: Copyright (c) 1999-2006 Intel Corporation.
[    1.063715] Fusion MPT base driver 3.04.20
[    1.064684] Copyright (c) 1999-2008 LSI Corporation
[    1.084810] AVX2 version of gcm_enc/dec engaged.
[    1.086119] AES CTR mode by8 optimization enabled
[    1.097342] Fusion MPT SPI Host driver 3.04.20
[    1.277492] input: ImExPS/2 Generic Explorer Mouse as /devices/platform/i8042/serio1/input/input4
[    1.453726] e1000 0000:00:03.0 eth0: (PCI:33MHz:32-bit) 02:6a:5b:40:72:6f
[    1.455790] e1000 0000:00:03.0 eth0: Intel(R) PRO/1000 Network Connection
[    1.458567] e1000 0000:00:03.0 enp0s3: renamed from eth0
[    1.460593] mptbase: ioc0: Initiating bringup
[    1.527211] ioc0: LSI53C1030 A0: Capabilities={Initiator}
[    1.691425] scsi host2: ioc0: LSI53C1030 A0, FwRev=00000000h, Ports=1, MaxQ=256, IRQ=20
[    1.808420] scsi 2:0:0:0: Direct-Access     VBOX     HARDDISK         1.0  PQ: 0 ANSI: 5
[    1.811755] scsi target2:0:0: Beginning Domain Validation
[    1.815452] scsi target2:0:0: Domain Validation skipping write tests
[    1.817106] scsi target2:0:0: Ending Domain Validation
[    1.818645] scsi target2:0:0: asynchronous
[    1.820123] scsi 2:0:1:0: Direct-Access     VBOX     HARDDISK         1.0  PQ: 0 ANSI: 5
[    1.822054] scsi target2:0:1: Beginning Domain Validation
[    1.824614] scsi target2:0:1: Domain Validation skipping write tests
[    1.825993] scsi target2:0:1: Ending Domain Validation
[    1.834730] scsi target2:0:1: asynchronous
[    1.841305] sd 2:0:0:0: [sda] 20971520 512-byte logical blocks: (10.7 GB/10.0 GiB)
[    1.841417] sd 2:0:0:0: Attached scsi generic sg0 type 0
[    1.843589] sd 2:0:1:0: [sdb] 20480 512-byte logical blocks: (10.5 MB/10.0 MiB)
[    1.843607] sd 2:0:1:0: Attached scsi generic sg1 type 0
[    1.843797] sd 2:0:1:0: [sdb] Write Protect is off
[    1.843869] sd 2:0:1:0: [sdb] Incomplete mode parameter data
[    1.843870] sd 2:0:1:0: [sdb] Assuming drive cache: write through
[    1.845821] sd 2:0:1:0: [sdb] Attached SCSI disk
[    1.852985] sd 2:0:0:0: [sda] Write Protect is off
[    1.854292] sd 2:0:0:0: [sda] Incomplete mode parameter data
[    1.855624] sd 2:0:0:0: [sda] Assuming drive cache: write through
[    1.859143]  sda: sda1
[    1.860591] sd 2:0:0:0: [sda] Attached SCSI disk
Begin: Loading essential drivers ... [    3.126375] md: linear personality registered for level -1
[    3.129808] md: multipath personality registered for level -4
[    3.133328] md: raid0 personality registered for level 0
[    3.138276] md: raid1 personality registered for level 1
[    3.210826] raid6: sse2x1   gen() 11969 MB/s
[    3.279067] raid6: sse2x1   xor()  9577 MB/s
[    3.347044] raid6: sse2x2   gen() 15349 MB/s
[    3.414995] raid6: sse2x2   xor() 10311 MB/s
[    3.483000] raid6: sse2x4   gen() 17783 MB/s
[    3.551076] raid6: sse2x4   xor() 12209 MB/s
[    3.618997] raid6: avx2x1   gen() 23360 MB/s
[    3.686828] raid6: avx2x2   gen() 27233 MB/s
[    3.755327] raid6: avx2x4   gen() 30597 MB/s
[    3.756488] raid6: using algorithm avx2x4 gen() 30597 MB/s
[    3.757845] raid6: using avx2x2 recovery algorithm
[    3.760423] xor: automatically using best checksumming function:
[    3.802846]    avx       : 46690.000 MB/sec
[    3.805320] async_tx: api initialized (async)
[    3.814357] md: raid6 personality registered for level 6
[    3.815842] md: raid5 personality registered for level 5
[    3.817072] md: raid4 personality registered for level 4
[    3.824314] md: raid10 personality registered for level 10
done.
Begin: Running /scripts/init-premount ... done.
Begin: Mounting root file system ... Begin: Running /scripts/local-top ... done.
Begin: Running /scripts/local-premount ... [    3.849635] Btrfs loaded
Scanning for Btrfs filesystems
done.
Warning: fsck not present, so skipping root file system
[    3.880178] EXT4-fs (sda1): INFO: recovery required on readonly filesystem
[    3.881911] EXT4-fs (sda1): write access will be enabled during recovery
[    3.988433] EXT4-fs (sda1): recovery complete
[    3.990323] EXT4-fs (sda1): mounted filesystem with ordered data mode. Opts: (null)
done.
Begin: Running /scripts/local-bottom ... done.
Begin: Running /scripts/init-bottom ... done.
[    4.085953] systemd[1]: systemd 229 running in system mode. (+PAM +AUDIT +SELINUX +IMA +APPARMOR +SMACK +SYSVINIT +UTMP +LIBCRYPTSETUP +GCRYPT +GNUTLS +ACL +XZ -LZ4 +SECCOMP +BLKID +ELFUTILS +KMOD -IDN)
[    4.089886] systemd[1]: Detected virtualization oracle.
[    4.091062] systemd[1]: Detected architecture x86-64.

Welcome to [1mUbuntu 16.04.6 LTS[0m!

[    4.094047] systemd[1]: Set hostname to <ubuntu-xenial>.
[    4.225119] systemd[1]: Listening on udev Control Socket.
[[0;32m  OK  [0m] Listening on udev Control Socket.
[    4.227617] systemd[1]: Listening on Journal Socket (/dev/log).
[[0;32m  OK  [0m] Listening on Journal Socket (/dev/log).
[    4.230124] systemd[1]: Listening on Journal Socket.
[[0;32m  OK  [0m] Listening on Journal Socket.
[    4.232356] systemd[1]: Listening on udev Kernel Socket.
[[0;32m  OK  [0m] Listening on udev Kernel Socket.
[    4.234606] systemd[1]: Reached target User and Group Name Lookups.
[[0;32m  OK  [0m] Reached target User and Group Name Lookups.
[    4.237262] systemd[1]: Listening on LVM2 poll daemon socket.
[[0;32m  OK  [0m] Listening on LVM2 poll daemon socket.
[    4.239719] systemd[1]: Started Trigger resolvconf update for networkd DNS.
[[0;32m  OK  [0m] Started Trigger resolvconf update for networkd DNS.
[    4.242474] systemd[1]: Reached target Swap.
[[0;32m  OK  [0m] Reached target Swap.
[    4.244494] systemd[1]: Listening on Syslog Socket.
[[0;32m  OK  [0m] Listening on Syslog Socket.
[    4.246793] systemd[1]: Created slice System Slice.
[[0;32m  OK  [0m] Created slice System Slice.
[    4.267573] systemd[1]: Starting Create list of required static device nodes for the current kernel...
         Starting Create list of required st... nodes for the current kernel...
[    4.274369] systemd[1]: Mounting POSIX Message Queue File System...
         Mounting POSIX Message Queue File System...
[    4.277975] systemd[1]: Mounting Huge Pages File System...
         Mounting Huge Pages File System...
[    4.281291] systemd[1]: Starting Set console keymap...
         Starting Set console keymap...
[    4.285459] systemd[1]: Starting Remount Root and Kernel File Systems...
         Starting Remount Root and Kernel File Systems...
[    4.288768] systemd[1]: Starting Uncomplicated firewall...
[    4.292192] EXT4-fs (sda1): re-mounted. Opts: (null)
         Starting Uncomplicated firewall...
[    4.294989] systemd[1]: Started Forward Password Requests to Wall Directory Watch.
[[0;32m  OK  [0m] Started Forward Password Requests to Wall Directory Watch.
[    4.298966] systemd[1]: Listening on Device-mapper event daemon FIFOs.
[[0;32m  OK  [0m] Listening on Device-mapper event daemon FIFOs.
[    4.301958] systemd[1]: Starting Nameserver information manager...
         Starting Nameserver information manager...
[    4.304597] systemd[1]: Reached target Encrypted Volumes.
[[0;32m  OK  [0m] Reached target Encrypted Volumes.
[    4.307629] systemd[1]: Reached target System Time Synchronized.
[[0;32m  OK  [0m] Reached target System Time Synchronized.
[    4.311921] systemd[1]: Set up automount Arbitrary Executable File Formats File System Automount Point.
[[0;32m  OK  [0m] Set up automount Arbitrary Executab...ats File System Automount Point.
[    4.317424] systemd[1]: Mounting Debug File System...
         Mounting Debug File System...
[    4.320418] systemd[1]: Created slice system-serial\x2dgetty.slice.
[[0;32m  OK  [0m] Created slice system-serial\x2dgetty.slice.
[    4.323167] systemd[1]: Created slice User and Session Slice.
[[0;32m  OK  [0m] Created slice User and Session Slice.
[    4.325464] systemd[1]: Listening on Journal Audit Socket.
[[0;32m  OK  [0m] Listening on Journal Audit Socket.
[    4.351053] systemd[1]: Starting Journal Service...
         Starting Journal Service...
[    4.356433] systemd[1]: Starting Load Kernel Modules...
         Starting Load Kernel Modules...
[    4.359297] systemd[1]: Listening on LVM2 metadata daemon socket.
[[0;32m  OK  [0m] Listening on LVM2 metadata daemon socket.
[    4.365286] systemd[1]: Starting Monitoring of LVM2 mirrors, snapshots etc. using dmeventd or progress polling...
         Starting Monitoring of LVM2 mirrors... dmeventd or progress polling...
[    4.371002] systemd[1]: Listening on /dev/initctl Compatibility Named Pipe.
[[0;32m  OK  [0m] Listening on /dev/initctl Compatibility Named Pipe.
[    4.375213] systemd[1]: Reached target Slices.
[[0;32m  OK  [0m] Reached target Slices.
[    4.379479] Loading iSCSI transport class v2.0-870.
[    4.386260] iscsi: registered transport (tcp)
[    4.395819] systemd[1]: Mounted Huge Pages File System.
[[0;32m  OK  [0m] Mounted Huge Pages File System.
[    4.403079] systemd[1]: Mounted POSIX Message Queue File System.
[[0;32m  OK  [0m] Mounted POSIX Message Queue File System.
[    4.406263] systemd[1]: Mounted Debug File System.
[[0;32m  OK  [0m] Mounted Debug File System.
[    4.408773] systemd[1]: Started Journal Service.
[[0;32m  OK  [0m] Started Journal Service.
[[0;32m  OK  [0m] Started Create list of required sta...ce nodes for the current kernel.
[[0;32m  OK  [0m] Started Set console keymap.
[[0;32m  OK  [0m] Started Remount Root and Kernel File Systems.
[    4.416679] iscsi: registered transport (iser)
[[0;32m  OK  [0m] Started Uncomplicated firewall.
[[0;32m  OK  [0m] Started Load Kernel Modules.
[[0;32m  OK  [0m] Started Nameserver information manager.
[[0;32m  OK  [0m] Started LVM2 metadata daemon.
         Starting Apply Kernel Variables...
         Mounting FUSE Control File System...
         Starting udev Coldplug all Devices...
         Starting Load/Save Random Seed...
         Starting Create Static Device Nodes in /dev...
         Starting Flush Journal to Persistent Storage...
[[0;32m  OK  [0m] Mounted FUSE Control File System.
[[0;32m  OK  [0m] Started Apply Kernel Variables.
[[0;32m  OK  [0m] Started Load/Save Random Seed.
[[0;32m  OK  [0m] Started Create Static Device Nodes in /dev.
[[0;32m  OK  [0m] Started udev Coldplug all Devices.
[[0;32m  OK  [0m] Started Flush Journal to Persistent Storage.
         Starting udev Kernel Device Manager...
[[0;32m  OK  [0m] Started udev Kernel Device Manager.
[[0;32m  OK  [0m] Started Dispatch Password Requests to Console Directory Watch.
[[0;32m  OK  [0m] Found device /dev/ttyS0.
[[0;32m  OK  [0m] Started Monitoring of LVM2 mirrors,...ng dmeventd or progress polling.
[[0;32m  OK  [0m] Reached target Local File Systems (Pre).
[[0;32m  OK  [0m] Reached target Local File Systems.
         Starting Set console font and keymap...
         Starting Create Volatile Files and Directories...
         Starting Tell Plymouth To Write Out Runtime Data...
         Starting LSB: AppArmor initialization...
         Starting Initial cloud-init job (pre-networking)...
[[0;32m  OK  [0m] Started Tell Plymouth To Write Out Runtime Data.
[[0;32m  OK  [0m] Started Create Volatile Files and Directories.
         Starting Update UTMP about System Boot/Shutdown...
[[0;32m  OK  [0m] Listening on Load/Save RF Kill Switch Status /dev/rfkill Watch.
[[0;32m  OK  [0m] Started LSB: AppArmor initialization.
[[0;32m  OK  [0m] Started Update UTMP about System Boot/Shutdown.
[[0;32m  OK  [0m] Found device 82540EM Gigabit Ethern...r (PRO/1000 MT Desktop Adapter).
[[0;32m  OK  [0m] Started Set console font and keymap.
[[0;32m  OK  [0m] Created slice system-getty.slice.
[    5.367874] cloud-init[533]: Cloud-init v. 19.1-1-gbaa47854-0ubuntu1~16.04.1 running 'init-local' at Fri, 30 Aug 2019 11:06:12 +0000. Up 5.12 seconds.
[[0;32m  OK  [0m] Started Initial cloud-init job (pre-networking).
[[0;32m  OK  [0m] Reached target Network (Pre).
[[0;32m  OK  [0m] Started ifup for enp0s3.
         Starting Raise network interfaces...
[[0;32m  OK  [0m] Started Raise network interfaces.
         Starting Initial cloud-init job (metadata service crawler)...
[[0;32m  OK  [0m] Reached target Network.
[    5.979505] cloud-init[976]: Cloud-init v. 19.1-1-gbaa47854-0ubuntu1~16.04.1 running 'init' at Fri, 30 Aug 2019 11:06:12 +0000. Up 5.77 seconds.
[    5.981567] cloud-init[976]: ci-info: ++++++++++++++++++++++++++++++++++++++Net device info++++++++++++++++++++++++++++++++++++++
[    5.992789] cloud-init[976]: ci-info: +--------+------+----------------------------+---------------+--------+-------------------+
[    5.994877] cloud-init[976]: ci-info: | Device |  Up  |          Address           |      Mask     | Scope  |     Hw-Address    |
[    5.996695] cloud-init[976]: ci-info: +--------+------+----------------------------+---------------+--------+-------------------+
[    5.998766] cloud-init[976]: ci-info: | enp0s3 | True |         10.0.2.15          | 255.255.255.0 | global | 02:6a:5b:40:72:6f |
[    6.008888] cloud-init[976]: ci-info: | enp0s3 | True | fe80::6a:5bff:fe40:726f/64 |       .       |  link  | 02:6a:5b:40:72:6f |
[    6.013880] cloud-init[976]: ci-info: |   lo   | True |         127.0.0.1          |   255.0.0.0   |  host  |         .         |
[    6.018106] cloud-init[976]: ci-info: |   lo   | True |          ::1/128           |       .       |  host  |         .         |
[    6.020591] cloud-init[976]: ci-info: +--------+------+----------------------------+---------------+--------+-------------------+
[    6.023177] cloud-init[976]: ci-info: +++++++++++++++++++++++++++Route IPv4 info++++++++++++++++++++++++++++
[    6.024727] cloud-init[976]: ci-info: +-------+-------------+----------+---------------+-----------+-------+
[    6.027062] cloud-init[976]: ci-info: | Route | Destination | Gateway  |    Genmask    | Interface | Flags |
[    6.036295] cloud-init[976]: ci-info: +-------+-------------+----------+---------------+-----------+-------+
[    6.037848] cloud-init[976]: ci-info: |   0   |   0.0.0.0   | 10.0.2.2 |    0.0.0.0    |   enp0s3  |   UG  |
[    6.039251] cloud-init[976]: ci-info: |   1   |   10.0.2.0  | 0.0.0.0  | 255.255.255.0 |   enp0s3  |   U   |
[    6.040827] cloud-init[976]: ci-info: +-------+-------------+----------+---------------+-----------+-------+
[    6.042844] cloud-init[976]: ci-info: +++++++++++++++++++Route IPv6 info+++++++++++++++++++
[    6.044715] cloud-init[976]: ci-info: +-------+-------------+---------+-----------+-------+
[    6.044934] cloud-init[976]: ci-info: | Route | Destination | Gateway | Interface | Flags |
[[0;32m  OK  [0m] Started Initial cloud-init job (metadata service crawler).
[[    6.045297] cloud-init[976]: ci-info: +-------+-------------+---------+-----------+-------+
[    6.048609] cloud-init[976]: ci-info: |   0   |  fe80::/64  |    ::   |   enp0s3  |   U   |
[    6.050587] cloud-init[976]: ci-info: |   3   |   ff00::/8  |    ::   |   enp0s3  |   U   |
[    6.050935] cloud-init[976]: ci-info: +-------+-------------+---------+-----------+-------+
[0;32m  OK  [0m] Reached target System Initialization.
         Starting LXD - unix socket.
[[0;32m  OK  [0m] Listening on ACPID Listen Socket.
[[0;32m  OK  [0m] Listening on UUID daemon activation socket.
[[0;32m  OK  [0m] Started Daily Cleanup of Temporary Directories.
[[0;32m  OK  [0m] Started ACPI Events Check.
[[0;32m  OK  [0m] Reached target Paths.
[[0;32m  OK  [0m] Listening on D-Bus System Message Bus Socket.
         Starting Socket activation for snappy daemon.
[[0;32m  OK  [0m] Started Daily apt download activities.
[[0;32m  OK  [0m] Started Daily apt upgrade and clean activities.
[[0;32m  OK  [0m] Reached target Timers.
[[0;32m  OK  [0m] Reached target Cloud-config availability.
[[0;32m  OK  [0m] Reached target Network is Online.
         Starting iSCSI initiator daemon (iscsid)...
[[0;32m  OK  [0m] Listening on LXD - unix socket.
[[0;32m  OK  [0m] Listening on Socket activation for snappy daemon.
[[0;32m  OK  [0m] Reached target Sockets.
[[0;32m  OK  [0m] Reached target Basic System.
         Starting LSB: MD monitoring daemon...
         Starting /etc/rc.local Compatibility...
[[0;32m  OK  [0m] Started Deferred execution scheduler.
         Starting Accounts Service...
         Starting System Logging Service...
[[0;32m  OK  [0m] Started ACPI event daemon.
[[0;32m  OK  [0m] Started D-Bus System Message Bus.
[[0;32m  OK  [0m] Started Regular background program processing daemon.
         Starting Virtualbox guest utils...
[[0;32m  OK  [0m] Started FUSE filesystem for LXC.
         Starting LSB: Record successful boot for GRUB...
         Starting Snappy daemon...
         Starting LXD - container startup/shutdown...
         Starting Login Service...
         Starting OpenBSD Secure Shell server...
[[0;32m  OK  [0m] Started System Logging Service.
[[0;32m  OK  [0m] Started iSCSI initiator daemon (iscsid).
[[0;32m  OK  [0m] Started /etc/rc.local Compatibility.
[[0;32m  OK  [0m] Started LSB: MD monitoring daemon.
[[0;32m  OK  [0m] Started Login Service.
[[0;32m  OK  [0m] Started LSB: Record successful boot for GRUB.
[[0;32m  OK  [0m] Started OpenBSD Secure Shell server.
[[0;32m  OK  [0m] Started Unattended Upgrades Shutdown.
         Starting Authenticate and Authorize Users to Run Privileged Tasks...
         Starting Login to default iSCSI targets...
[[0;32m  OK  [0m] Started Login to default iSCSI targets.
[[0;32m  OK  [0m] Reached target Remote File Systems (Pre).
[[0;32m  OK  [0m] Reached target Remote File Systems.
         Starting LSB: daemon to balance interrupts for SMP systems...
         Starting Permit User Sessions...
         Starting LSB: automatic crash report generation...
         Starting LSB: Set the CPU Frequency Scaling governor to "ondemand"...
[[0;32m  OK  [0m] Started Permit User Sessions.
[[0;32m  OK  [0m] Started Authenticate and Authorize Users to Run Privileged Tasks.
         Starting Hold until boot process finishes up...
         Starting Terminate Plymouth Boot Screen...
[[0;32m  OK  [0m] Started Hold until boot process finishes up.
[[0;32m  OK  [0m] Started Getty on tty1.
[[0;32m  OK  [0m] Started Serial Getty on ttyS0.
[[0;32m  OK  [0m] Reached target Login Prompts.
         Starting Set console scheme...
[[0;32m  OK  [0m] Started Virtualbox guest utils.
[[0;32m  OK  [0m] Started LXD - container startup/shutdown.
[[0;32m  OK  [0m] Started LSB: automatic crash report generation.
[[0;32m  OK  [0m] Started LSB: Set the CPU Frequency Scaling governor to "ondemand".
[[0;32m  OK  [0m] Started Terminate Plymouth Boot Screen.
[[0;32m  OK  [0m] Started Set console scheme.
[[0;32m  OK  [0m] Started Accounts Service.
[[0;32m  OK  [0m] Started LSB: daemon to balance interrupts for SMP systems.
[[0;32m  OK  [0m] Started Snappy daemon.
         Starting Wait until snapd is fully seeded...
[[0;32m  OK  [0m] Started Wait until snapd is fully seeded.
         Starting Apply the settings specified in cloud-config...
[[0;32m  OK  [0m] Reached target Multi-User System.
[[0;32m  OK  [0m] Reached target Graphical Interface.
         Starting Update UTMP about System Runlevel Changes...
[[0;32m  OK  [0m] Started Update UTMP about System Runlevel Changes.
[    6.951197] cloud-init[1239]: Cloud-init v. 19.1-1-gbaa47854-0ubuntu1~16.04.1 running 'modules:config' at Fri, 30 Aug 2019 11:06:13 +0000. Up 6.87 seconds.
[[0;32m  OK  [0m] Started Apply the settings specified in cloud-config.
         Starting Execute cloud user/final scripts...
[    7.318439] cloud-init[1251]: Cloud-init v. 19.1-1-gbaa47854-0ubuntu1~16.04.1 running 'modules:final' at Fri, 30 Aug 2019 11:06:14 +0000. Up 7.21 seconds.
[    7.320613] cloud-init[1251]: Cloud-init v. 19.1-1-gbaa47854-0ubuntu1~16.04.1 finished at Fri, 30 Aug 2019 11:06:14 +0000. Datasource DataSourceNoCloud [seed=/dev/sdb][dsmode=net].  Up 7.31 seconds
[[0;32m  OK  [0m] Started Execute cloud user/final scripts.
         Starting Daily apt download activities...
[[0;32m  OK  [0m] Reached target Cloud-init target.

Ubuntu 16.04.6 LTS ubuntu-xenial ttyS0

ubuntu-xenial login: 